[32m  INFO[0m: Launching config: "/home/rp34/.config/quickshell/shell.qml"
[32m  INFO[0m: Shell ID: "c3c9680c9a154cfbc6358758562d456d" Path ID "c3c9680c9a154cfbc6358758562d456d"
[32m  INFO[0m: Saving logs to "/run/user/1000/quickshell/by-id/q1p1xqyjmt/log.qslog"
[32m  INFO[0m: Configuration Loaded
[33m  WARN[97m quickshell.bluetooth.device[0m: Failed to connect to device BluetoothDevice(0x7f3199e54600, path="/org/bluez/hci0/dev_41_42_98_02_9E_88"): "br-connection-page-timeout"
[33m  WARN[97m quickshell.bluetooth.device[0m: Failed to connect to device BluetoothDevice(0x7f3199e54600, path="/org/bluez/hci0/dev_41_42_98_02_9E_88"): "br-connection-page-timeout"
[33m  WARN[97m quickshell.bluetooth.device[0m: Failed to connect to device BluetoothDevice(0x7f3199e54600, path="/org/bluez/hci0/dev_41_42_98_02_9E_88"): "br-connection-page-timeout"
[33m  WARN[97m quickshell.bluetooth.device[0m: Failed to connect to device BluetoothDevice(0x7f3199e54600, path="/org/bluez/hci0/dev_41_42_98_02_9E_88"): "br-connection-page-timeout"
[33m  WARN[97m quickshell.bluetooth.device[0m: Failed to connect to device BluetoothDevice(0x7f3199e54600, path="/org/bluez/hci0/dev_41_42_98_02_9E_88"): "br-connection-page-timeout"
[33m  WARN[97m quickshell.bluetooth.device[0m: Failed to connect to device BluetoothDevice(0x7f3199e54600, path="/org/bluez/hci0/dev_41_42_98_02_9E_88"): "br-connection-page-timeout"
[33m  WARN[97m quickshell.bluetooth.device[0m: Failed to connect to device BluetoothDevice(0x7f3199e54600, path="/org/bluez/hci0/dev_41_42_98_02_9E_88"): "br-connection-page-timeout"
[33m  WARN[97m quickshell.bluetooth.device[0m: Failed to connect to device BluetoothDevice(0x7f3199e54600, path="/org/bluez/hci0/dev_41_42_98_02_9E_88"): "br-connection-page-timeout"
[33m  WARN[97m quickshell.bluetooth.device[0m: Failed to connect to device BluetoothDevice(0x7f3199e54600, path="/org/bluez/hci0/dev_41_42_98_02_9E_88"): "br-connection-page-timeout"
[33m  WARN[97m quickshell.bluetooth.device[0m: Failed to connect to device BluetoothDevice(0x7f3199e54600, path="/org/bluez/hci0/dev_41_42_98_02_9E_88"): "br-connection-page-timeout"
[33m  WARN[97m quickshell.bluetooth.device[0m: Failed to connect to device BluetoothDevice(0x7f3199e54600, path="/org/bluez/hci0/dev_41_42_98_02_9E_88"): "br-connection-page-timeout"
[33m  WARN[97m quickshell.bluetooth.device[0m: Failed to connect to device BluetoothDevice(0x7f3199e54600, path="/org/bluez/hci0/dev_41_42_98_02_9E_88"): "br-connection-page-timeout"
[33m  WARN[97m quickshell.bluetooth.device[0m: Failed to connect to device BluetoothDevice(0x7f3199e54600, path="/org/bluez/hci0/dev_41_42_98_02_9E_88"): "br-connection-page-timeout"
[33m  WARN[97m quickshell.bluetooth.device[0m: Failed to connect to device BluetoothDevice(0x7f3199e54600, path="/org/bluez/hci0/dev_41_42_98_02_9E_88"): "br-connection-page-timeout"
[33m  WARN[97m quickshell.bluetooth.device[0m: Failed to connect to device BluetoothDevice(0x7f3199e54600, path="/org/bluez/hci0/dev_41_42_98_02_9E_88"): "br-connection-page-timeout"
[33m  WARN[97m quickshell.bluetooth.device[0m: Failed to connect to device BluetoothDevice(0x7f3199e54600, path="/org/bluez/hci0/dev_41_42_98_02_9E_88"): "br-connection-page-timeout"
[33m  WARN[97m quickshell.bluetooth.device[0m: Failed to connect to device BluetoothDevice(0x7f3199e54600, path="/org/bluez/hci0/dev_41_42_98_02_9E_88"): "br-connection-page-timeout"
[33m  WARN[97m quickshell.bluetooth.device[0m: Failed to connect to device BluetoothDevice(0x7f3199e54600, path="/org/bluez/hci0/dev_41_42_98_02_9E_88"): "br-connection-page-timeout"
[33m  WARN[97m quickshell.bluetooth.device[0m: Failed to connect to device BluetoothDevice(0x7f3199e54600, path="/org/bluez/hci0/dev_41_42_98_02_9E_88"): "br-connection-page-timeout"
[33m  WARN[97m quickshell.bluetooth.device[0m: Failed to connect to device BluetoothDevice(0x7f3199e54600, path="/org/bluez/hci0/dev_41_42_98_02_9E_88"): "br-connection-page-timeout"
[33m  WARN[97m quickshell.bluetooth.device[0m: Failed to connect to device BluetoothDevice(0x7f3199e54600, path="/org/bluez/hci0/dev_41_42_98_02_9E_88"): "br-connection-page-timeout"
[33m  WARN[97m quickshell.bluetooth.device[0m: Failed to connect to device BluetoothDevice(0x7f3199e54600, path="/org/bluez/hci0/dev_41_42_98_02_9E_88"): "br-connection-page-timeout"
