2026-08-30 21:55:21,556 [INFO] [MainThread] [root/log.py:104]: YASB v2.0.6
2026-08-30 21:55:21,557 [INFO] [CLIPipeServer] [cli_server/cli_server.py:216]: CLI server started v1.1.7
2026-08-30 21:55:21,558 [INFO] [MainThread] [cli_server/cli_server.py:106]: Log pipe server started
2026-08-30 21:58:06,695 [INFO] [MainThread] [root/welcome.py:867]: Created config file at C:\Users\User\.config\yasb\config.yaml
2026-08-30 21:58:06,696 [INFO] [MainThread] [root/welcome.py:876]: Created styles file at C:\Users\User\.config\yasb\styles.css
2026-08-30 21:58:12,063 [INFO] [MainThread] [root/service.py:52]: AudioOutputService starting...
2026-08-30 21:58:12,546 [INFO] [MainThread] [root/bar_manager.py:238]: Starting HotkeyListener...
2026-08-30 21:58:12,553 [INFO] [MainThread] [root/bar_manager.py:103]: Starting WindowsNotificationEventListener...
2026-08-30 21:58:12,553 [INFO] [MainThread] [root/bar_manager.py:103]: Starting KomorebiEventListener...
2026-08-30 21:58:12,557 [INFO] [Dummy-9] [root/event_listener.py:54]: Created named pipe yasb-2fc1ee62-a4f0-11f1-9d2b-b306d4664e56
2026-08-30 21:58:12,558 [INFO] [MainThread] [root/watcher.py:65]: Watching directory: c:\users\user\.config\yasb
2026-08-30 21:58:12,559 [INFO] [MainThread] [root/watcher.py:104]: Created file watcher
2026-08-30 21:58:12,586 [INFO] [MainThread] [root/update_service.py:434]: Background update checker started
2026-08-30 21:58:12,707 [INFO] [Dummy-11] [root/windows_notification.py:161]: Notification service started (WNF_SHEL_NOTIFICATION_TOTAL)
2026-08-30 21:58:16,222 [WARNING] [Dummy-9] [root/event_listener.py:136]: Komorebi failed to subscribe named pipe. Error: Una operación socket encontró una red inactiva. (os error 10050) Location: komorebic\src\main.rs:3157:13
2026-08-30 22:00:26,806 [INFO] [MainThread] [root/controller.py:21]: Reloading Application because of config change.
2026-08-30 22:00:26,908 [INFO] [MainThread] [cli_server/cli_server.py:114]: Log pipe server stopped
2026-08-30 22:00:26,965 [INFO] [MainThread] [root/bar_manager.py:93]: Successfully loaded updated config and re-initialised all bars.
2026-08-30 22:00:27,010 [INFO] [MainThread] [root/bar_manager.py:111]: Stopping HotkeyListener...
2026-08-30 22:00:27,014 [INFO] [MainThread] [root/bar_manager.py:119]: Stopping WindowsNotificationEventListener...
2026-08-30 22:00:27,015 [INFO] [Dummy-11] [root/windows_notification.py:97]: Notification service stopped
2026-08-30 22:00:27,020 [INFO] [MainThread] [root/bar_manager.py:119]: Stopping KomorebiEventListener...
2026-08-30 22:00:27,769 [INFO] [MainThread] [root/log.py:104]: YASB v2.0.6
2026-08-30 22:00:27,770 [INFO] [CLIPipeServer] [cli_server/cli_server.py:216]: CLI server started v1.1.7
2026-08-30 22:00:27,770 [INFO] [MainThread] [cli_server/cli_server.py:106]: Log pipe server started
2026-08-30 22:00:28,645 [INFO] [MainThread] [root/service.py:52]: AudioOutputService starting...
2026-08-30 22:00:28,838 [INFO] [MainThread] [root/bar_manager.py:238]: Starting HotkeyListener...
2026-08-30 22:00:28,838 [INFO] [MainThread] [root/bar_manager.py:103]: Starting KomorebiEventListener...
2026-08-30 22:00:28,839 [INFO] [MainThread] [root/bar_manager.py:103]: Starting WindowsNotificationEventListener...
2026-08-30 22:00:28,841 [INFO] [Dummy-8] [root/event_listener.py:54]: Created named pipe yasb-80fd6d36-a4f0-11f1-a3a5-b306d4664e56
2026-08-30 22:00:28,843 [INFO] [MainThread] [root/watcher.py:65]: Watching directory: c:\users\user\.config\yasb
2026-08-30 22:00:28,844 [INFO] [MainThread] [root/watcher.py:104]: Created file watcher
2026-08-30 22:00:28,874 [INFO] [MainThread] [root/update_service.py:434]: Background update checker started
2026-08-30 22:00:28,880 [INFO] [Dummy-11] [root/windows_notification.py:161]: Notification service started (WNF_SHEL_NOTIFICATION_TOTAL)
2026-08-30 22:00:29,043 [WARNING] [Dummy-8] [root/event_listener.py:136]: Komorebi failed to subscribe named pipe. Error: Una operación socket encontró una red inactiva. (os error 10050) Location: komorebic\src\main.rs:3157:13
2026-08-30 22:07:22,348 [INFO] [MainThread] [root/controller.py:21]: Reloading Application because of config change.
2026-08-30 22:07:22,450 [INFO] [MainThread] [cli_server/cli_server.py:114]: Log pipe server stopped
2026-08-30 22:07:22,498 [INFO] [MainThread] [root/bar_manager.py:93]: Successfully loaded updated config and re-initialised all bars.
2026-08-30 22:07:22,552 [INFO] [MainThread] [root/bar_manager.py:111]: Stopping HotkeyListener...
2026-08-30 22:07:22,556 [INFO] [MainThread] [root/bar_manager.py:119]: Stopping KomorebiEventListener...
2026-08-30 22:07:22,561 [INFO] [MainThread] [root/bar_manager.py:119]: Stopping WindowsNotificationEventListener...
2026-08-30 22:07:22,562 [INFO] [Dummy-11] [root/windows_notification.py:97]: Notification service stopped
2026-08-30 22:07:23,382 [INFO] [MainThread] [root/log.py:104]: YASB v2.0.6
2026-08-30 22:07:23,383 [INFO] [CLIPipeServer] [cli_server/cli_server.py:216]: CLI server started v1.1.7
2026-08-30 22:07:23,383 [INFO] [MainThread] [cli_server/cli_server.py:106]: Log pipe server started
2026-08-30 22:07:24,219 [INFO] [MainThread] [root/service.py:52]: AudioOutputService starting...
2026-08-30 22:07:24,406 [INFO] [MainThread] [root/bar_manager.py:238]: Starting HotkeyListener...
2026-08-30 22:07:24,406 [INFO] [MainThread] [root/bar_manager.py:103]: Starting KomorebiEventListener...
2026-08-30 22:07:24,407 [INFO] [MainThread] [root/bar_manager.py:103]: Starting WindowsNotificationEventListener...
2026-08-30 22:07:24,408 [INFO] [Dummy-8] [root/event_listener.py:54]: Created named pipe yasb-78b0021f-a4f1-11f1-91a6-b306d4664e56
2026-08-30 22:07:24,411 [INFO] [MainThread] [root/watcher.py:65]: Watching directory: c:\users\user\.config\yasb
2026-08-30 22:07:24,411 [INFO] [MainThread] [root/watcher.py:104]: Created file watcher
2026-08-30 22:07:24,444 [INFO] [MainThread] [root/update_service.py:434]: Background update checker started
2026-08-30 22:07:24,452 [INFO] [Dummy-11] [root/windows_notification.py:161]: Notification service started (WNF_SHEL_NOTIFICATION_TOTAL)
2026-08-30 22:07:24,599 [WARNING] [Dummy-8] [root/event_listener.py:136]: Komorebi failed to subscribe named pipe. Error: Una operación socket encontró una red inactiva. (os error 10050) Location: komorebic\src\main.rs:3157:13
2026-08-30 22:08:01,497 [INFO] [MainThread] [root/controller.py:21]: Reloading Application because of config change.
2026-08-30 22:08:01,599 [INFO] [MainThread] [cli_server/cli_server.py:114]: Log pipe server stopped
2026-08-30 22:08:01,647 [INFO] [MainThread] [root/bar_manager.py:93]: Successfully loaded updated config and re-initialised all bars.
2026-08-30 22:08:01,700 [INFO] [MainThread] [root/bar_manager.py:111]: Stopping HotkeyListener...
2026-08-30 22:08:01,704 [INFO] [MainThread] [root/bar_manager.py:119]: Stopping KomorebiEventListener...
2026-08-30 22:08:01,708 [INFO] [MainThread] [root/bar_manager.py:119]: Stopping WindowsNotificationEventListener...
2026-08-30 22:08:01,708 [INFO] [Dummy-11] [root/windows_notification.py:97]: Notification service stopped
2026-08-30 22:08:02,453 [INFO] [MainThread] [root/log.py:104]: YASB v2.0.6
2026-08-30 22:08:02,454 [INFO] [CLIPipeServer] [cli_server/cli_server.py:216]: CLI server started v1.1.7
2026-08-30 22:08:02,454 [INFO] [MainThread] [cli_server/cli_server.py:106]: Log pipe server started
2026-08-30 22:08:03,266 [INFO] [MainThread] [root/service.py:52]: AudioOutputService starting...
2026-08-30 22:08:03,469 [INFO] [MainThread] [root/bar_manager.py:238]: Starting HotkeyListener...
2026-08-30 22:08:03,469 [INFO] [MainThread] [root/bar_manager.py:103]: Starting KomorebiEventListener...
2026-08-30 22:08:03,470 [INFO] [MainThread] [root/bar_manager.py:103]: Starting WindowsNotificationEventListener...
2026-08-30 22:08:03,474 [INFO] [Dummy-7] [root/event_listener.py:54]: Created named pipe yasb-8ff89c44-a4f1-11f1-b1f4-b306d4664e56
2026-08-30 22:08:03,477 [INFO] [MainThread] [root/watcher.py:65]: Watching directory: c:\users\user\.config\yasb
2026-08-30 22:08:03,477 [INFO] [MainThread] [root/watcher.py:104]: Created file watcher
2026-08-30 22:08:03,514 [INFO] [MainThread] [root/update_service.py:434]: Background update checker started
2026-08-30 22:08:03,515 [INFO] [Dummy-11] [root/windows_notification.py:161]: Notification service started (WNF_SHEL_NOTIFICATION_TOTAL)
2026-08-30 22:08:03,646 [WARNING] [Dummy-7] [root/event_listener.py:136]: Komorebi failed to subscribe named pipe. Error: Una operación socket encontró una red inactiva. (os error 10050) Location: komorebic\src\main.rs:3157:13
2026-08-30 22:16:11,653 [INFO] [MainThread] [root/controller.py:21]: Reloading Application from tray...
2026-08-30 22:16:11,753 [INFO] [MainThread] [cli_server/cli_server.py:114]: Log pipe server stopped
2026-08-30 22:16:11,853 [INFO] [MainThread] [root/bar_manager.py:111]: Stopping HotkeyListener...
2026-08-30 22:16:11,857 [INFO] [MainThread] [root/bar_manager.py:119]: Stopping KomorebiEventListener...
2026-08-30 22:16:11,860 [INFO] [MainThread] [root/bar_manager.py:119]: Stopping WindowsNotificationEventListener...
2026-08-30 22:16:11,861 [INFO] [Dummy-11] [root/windows_notification.py:97]: Notification service stopped
2026-08-30 22:16:12,612 [INFO] [MainThread] [root/log.py:104]: YASB v2.0.6
2026-08-30 22:16:12,613 [INFO] [CLIPipeServer] [cli_server/cli_server.py:216]: CLI server started v1.1.7
2026-08-30 22:16:12,613 [INFO] [MainThread] [cli_server/cli_server.py:106]: Log pipe server started
2026-08-30 22:16:13,350 [INFO] [MainThread] [root/service.py:52]: AudioOutputService starting...
2026-08-30 22:16:13,563 [INFO] [MainThread] [root/bar_manager.py:238]: Starting HotkeyListener...
2026-08-30 22:16:13,563 [INFO] [MainThread] [root/bar_manager.py:103]: Starting WindowsNotificationEventListener...
2026-08-30 22:16:13,564 [INFO] [MainThread] [root/bar_manager.py:103]: Starting KomorebiEventListener...
2026-08-30 22:16:13,566 [INFO] [Dummy-8] [root/event_listener.py:54]: Created named pipe yasb-b417042e-a4f2-11f1-ad77-b306d4664e56
2026-08-30 22:16:13,568 [INFO] [MainThread] [root/watcher.py:65]: Watching directory: c:\users\user\.config\yasb
2026-08-30 22:16:13,568 [INFO] [MainThread] [root/watcher.py:104]: Created file watcher
2026-08-30 22:16:13,597 [INFO] [MainThread] [root/update_service.py:434]: Background update checker started
2026-08-30 22:16:13,602 [INFO] [Dummy-11] [root/windows_notification.py:161]: Notification service started (WNF_SHEL_NOTIFICATION_TOTAL)
2026-08-30 22:16:13,748 [WARNING] [Dummy-8] [root/event_listener.py:136]: Komorebi failed to subscribe named pipe. Error: Una operación socket encontró una red inactiva. (os error 10050) Location: komorebic\src\main.rs:3157:13
2026-08-30 22:16:45,651 [INFO] [MainThread] [root/controller.py:21]: Reloading Application because of config change.
2026-08-30 22:16:45,757 [INFO] [MainThread] [cli_server/cli_server.py:114]: Log pipe server stopped
2026-08-30 22:16:45,801 [INFO] [MainThread] [root/bar_manager.py:93]: Successfully loaded updated config and re-initialised all bars.
2026-08-30 22:16:45,859 [INFO] [MainThread] [root/bar_manager.py:111]: Stopping HotkeyListener...
2026-08-30 22:16:45,863 [INFO] [MainThread] [root/bar_manager.py:119]: Stopping WindowsNotificationEventListener...
2026-08-30 22:16:45,864 [INFO] [Dummy-11] [root/windows_notification.py:97]: Notification service stopped
2026-08-30 22:16:45,868 [INFO] [MainThread] [root/bar_manager.py:119]: Stopping KomorebiEventListener...
2026-08-30 22:16:46,622 [INFO] [MainThread] [root/log.py:104]: YASB v2.0.6
2026-08-30 22:16:46,623 [INFO] [CLIPipeServer] [cli_server/cli_server.py:216]: CLI server started v1.1.7
2026-08-30 22:16:46,623 [INFO] [MainThread] [cli_server/cli_server.py:106]: Log pipe server started
2026-08-30 22:16:47,372 [INFO] [MainThread] [root/service.py:52]: AudioOutputService starting...
2026-08-30 22:16:47,588 [INFO] [MainThread] [root/bar_manager.py:238]: Starting HotkeyListener...
2026-08-30 22:16:47,589 [INFO] [MainThread] [root/bar_manager.py:103]: Starting WindowsNotificationEventListener...
2026-08-30 22:16:47,590 [INFO] [MainThread] [root/bar_manager.py:103]: Starting KomorebiEventListener...
2026-08-30 22:16:47,595 [INFO] [Dummy-9] [root/event_listener.py:54]: Created named pipe yasb-c85f10b6-a4f2-11f1-acfc-b306d4664e56
2026-08-30 22:16:47,595 [INFO] [MainThread] [root/watcher.py:65]: Watching directory: c:\users\user\.config\yasb
2026-08-30 22:16:47,600 [INFO] [MainThread] [root/watcher.py:104]: Created file watcher
2026-08-30 22:16:47,627 [INFO] [MainThread] [root/update_service.py:434]: Background update checker started
2026-08-30 22:16:47,633 [INFO] [Dummy-11] [root/windows_notification.py:161]: Notification service started (WNF_SHEL_NOTIFICATION_TOTAL)
2026-08-30 22:16:47,763 [WARNING] [Dummy-9] [root/event_listener.py:136]: Komorebi failed to subscribe named pipe. Error: Una operación socket encontró una red inactiva. (os error 10050) Location: komorebic\src\main.rs:3157:13
2026-08-30 22:17:05,680 [INFO] [MainThread] [root/controller.py:21]: Reloading Application because of config change.
2026-08-30 22:17:05,796 [INFO] [MainThread] [cli_server/cli_server.py:114]: Log pipe server stopped
2026-08-30 22:17:05,845 [INFO] [MainThread] [root/bar_manager.py:93]: Successfully loaded updated config and re-initialised all bars.
2026-08-30 22:17:05,901 [INFO] [MainThread] [root/bar_manager.py:111]: Stopping HotkeyListener...
2026-08-30 22:17:05,905 [INFO] [MainThread] [root/bar_manager.py:119]: Stopping WindowsNotificationEventListener...
2026-08-30 22:17:05,906 [INFO] [Dummy-11] [root/windows_notification.py:97]: Notification service stopped
2026-08-30 22:17:05,910 [INFO] [MainThread] [root/bar_manager.py:119]: Stopping KomorebiEventListener...
2026-08-30 22:17:06,667 [INFO] [MainThread] [root/log.py:104]: YASB v2.0.6
2026-08-30 22:17:06,668 [INFO] [CLIPipeServer] [cli_server/cli_server.py:216]: CLI server started v1.1.7
2026-08-30 22:17:06,668 [INFO] [MainThread] [cli_server/cli_server.py:106]: Log pipe server started
2026-08-30 22:17:07,423 [INFO] [MainThread] [root/service.py:52]: AudioOutputService starting...
2026-08-30 22:17:07,633 [INFO] [MainThread] [root/bar_manager.py:238]: Starting HotkeyListener...
2026-08-30 22:17:07,634 [INFO] [MainThread] [root/bar_manager.py:103]: Starting KomorebiEventListener...
2026-08-30 22:17:07,635 [INFO] [MainThread] [root/bar_manager.py:103]: Starting WindowsNotificationEventListener...
2026-08-30 22:17:07,637 [INFO] [Dummy-8] [root/event_listener.py:54]: Created named pipe yasb-d45189b3-a4f2-11f1-ab60-b306d4664e56
2026-08-30 22:17:07,642 [INFO] [MainThread] [root/watcher.py:65]: Watching directory: c:\users\user\.config\yasb
2026-08-30 22:17:07,647 [INFO] [MainThread] [root/watcher.py:104]: Created file watcher
2026-08-30 22:17:07,679 [INFO] [Dummy-11] [root/windows_notification.py:161]: Notification service started (WNF_SHEL_NOTIFICATION_TOTAL)
2026-08-30 22:17:07,679 [INFO] [MainThread] [root/update_service.py:434]: Background update checker started
2026-08-30 22:17:07,825 [WARNING] [Dummy-8] [root/event_listener.py:136]: Komorebi failed to subscribe named pipe. Error: Una operación socket encontró una red inactiva. (os error 10050) Location: komorebic\src\main.rs:3157:13
2026-08-30 22:17:17,237 [INFO] [MainThread] [root/controller.py:21]: Reloading Application because of config change.
2026-08-30 22:17:17,338 [INFO] [MainThread] [cli_server/cli_server.py:114]: Log pipe server stopped
2026-08-30 22:17:17,387 [INFO] [MainThread] [root/bar_manager.py:93]: Successfully loaded updated config and re-initialised all bars.
2026-08-30 22:17:17,450 [INFO] [MainThread] [root/bar_manager.py:111]: Stopping HotkeyListener...
2026-08-30 22:17:17,454 [INFO] [MainThread] [root/bar_manager.py:119]: Stopping KomorebiEventListener...
2026-08-30 22:17:17,457 [INFO] [MainThread] [root/bar_manager.py:119]: Stopping WindowsNotificationEventListener...
2026-08-30 22:17:17,459 [INFO] [Dummy-11] [root/windows_notification.py:97]: Notification service stopped
2026-08-30 22:17:18,221 [INFO] [MainThread] [root/log.py:104]: YASB v2.0.6
2026-08-30 22:17:18,222 [INFO] [CLIPipeServer] [cli_server/cli_server.py:216]: CLI server started v1.1.7
2026-08-30 22:17:18,222 [INFO] [MainThread] [cli_server/cli_server.py:106]: Log pipe server started
2026-08-30 22:17:18,983 [INFO] [MainThread] [root/service.py:52]: AudioOutputService starting...
2026-08-30 22:17:19,189 [INFO] [MainThread] [root/bar_manager.py:238]: Starting HotkeyListener...
2026-08-30 22:17:19,190 [INFO] [MainThread] [root/bar_manager.py:103]: Starting WindowsNotificationEventListener...
2026-08-30 22:17:19,190 [INFO] [MainThread] [root/bar_manager.py:103]: Starting KomorebiEventListener...
2026-08-30 22:17:19,192 [INFO] [Dummy-8] [root/event_listener.py:54]: Created named pipe yasb-db34d42a-a4f2-11f1-b161-b306d4664e56
2026-08-30 22:17:19,195 [INFO] [MainThread] [root/watcher.py:65]: Watching directory: c:\users\user\.config\yasb
2026-08-30 22:17:19,195 [INFO] [MainThread] [root/watcher.py:104]: Created file watcher
2026-08-30 22:17:19,231 [INFO] [MainThread] [root/update_service.py:434]: Background update checker started
2026-08-30 22:17:19,237 [INFO] [Dummy-11] [root/windows_notification.py:161]: Notification service started (WNF_SHEL_NOTIFICATION_TOTAL)
2026-08-30 22:17:19,359 [WARNING] [Dummy-8] [root/event_listener.py:136]: Komorebi failed to subscribe named pipe. Error: Una operación socket encontró una red inactiva. (os error 10050) Location: komorebic\src\main.rs:3157:13
2026-08-30 22:17:27,715 [INFO] [MainThread] [root/controller.py:21]: Reloading Application because of config change.
2026-08-30 22:17:27,825 [INFO] [MainThread] [cli_server/cli_server.py:114]: Log pipe server stopped
2026-08-30 22:17:27,882 [INFO] [MainThread] [root/bar_manager.py:93]: Successfully loaded updated config and re-initialised all bars.
2026-08-30 22:17:27,943 [INFO] [MainThread] [root/bar_manager.py:111]: Stopping HotkeyListener...
2026-08-30 22:17:27,948 [INFO] [MainThread] [root/bar_manager.py:119]: Stopping WindowsNotificationEventListener...
2026-08-30 22:17:27,952 [INFO] [Dummy-11] [root/windows_notification.py:97]: Notification service stopped
2026-08-30 22:17:27,957 [INFO] [MainThread] [root/bar_manager.py:119]: Stopping KomorebiEventListener...
2026-08-30 22:17:28,696 [INFO] [MainThread] [root/log.py:104]: YASB v2.0.6
2026-08-30 22:17:28,696 [INFO] [CLIPipeServer] [cli_server/cli_server.py:216]: CLI server started v1.1.7
2026-08-30 22:17:28,697 [INFO] [MainThread] [cli_server/cli_server.py:106]: Log pipe server started
2026-08-30 22:17:29,426 [INFO] [MainThread] [root/service.py:52]: AudioOutputService starting...
2026-08-30 22:17:29,631 [INFO] [MainThread] [root/bar_manager.py:238]: Starting HotkeyListener...
2026-08-30 22:17:29,631 [INFO] [MainThread] [root/bar_manager.py:103]: Starting WindowsNotificationEventListener...
2026-08-30 22:17:29,632 [INFO] [MainThread] [root/bar_manager.py:103]: Starting KomorebiEventListener...
2026-08-30 22:17:29,634 [INFO] [Dummy-8] [root/event_listener.py:54]: Created named pipe yasb-e16e0a1e-a4f2-11f1-a0db-b306d4664e56
2026-08-30 22:17:29,636 [INFO] [MainThread] [root/watcher.py:65]: Watching directory: c:\users\user\.config\yasb
2026-08-30 22:17:29,637 [INFO] [MainThread] [root/watcher.py:104]: Created file watcher
2026-08-30 22:17:29,671 [INFO] [MainThread] [root/update_service.py:434]: Background update checker started
2026-08-30 22:17:29,677 [INFO] [Dummy-11] [root/windows_notification.py:161]: Notification service started (WNF_SHEL_NOTIFICATION_TOTAL)
2026-08-30 22:17:29,804 [WARNING] [Dummy-8] [root/event_listener.py:136]: Komorebi failed to subscribe named pipe. Error: Una operación socket encontró una red inactiva. (os error 10050) Location: komorebic\src\main.rs:3157:13
2026-08-30 22:27:43,188 [INFO] [MainThread] [root/bar.py:153]: Screen geometry changed. Updating position for bar primary-bar on screen MSI G271
2026-08-30 22:28:26,774 [INFO] [MainThread] [root/controller.py:43]: Exiting Application...
2026-08-30 22:28:26,880 [INFO] [MainThread] [cli_server/cli_server.py:114]: Log pipe server stopped
2026-08-30 22:28:27,024 [INFO] [MainThread] [root/bar_manager.py:111]: Stopping HotkeyListener...
2026-08-30 22:28:27,032 [INFO] [MainThread] [root/bar_manager.py:119]: Stopping WindowsNotificationEventListener...
2026-08-30 22:28:27,034 [INFO] [Dummy-11] [root/windows_notification.py:97]: Notification service stopped
2026-08-30 22:28:27,040 [INFO] [MainThread] [root/bar_manager.py:119]: Stopping KomorebiEventListener...
2026-08-31 12:19:45,185 [INFO] [MainThread] [root/log.py:104]: YASB v2.0.6
2026-08-31 12:19:45,187 [INFO] [CLIPipeServer] [cli_server/cli_server.py:216]: CLI server started v1.1.7
2026-08-31 12:19:45,187 [INFO] [MainThread] [cli_server/cli_server.py:106]: Log pipe server started
2026-08-31 12:19:46,537 [INFO] [MainThread] [root/service.py:52]: AudioOutputService starting...
2026-08-31 12:19:46,703 [INFO] [MainThread] [root/bar_manager.py:238]: Starting HotkeyListener...
2026-08-31 12:19:46,703 [INFO] [MainThread] [root/bar_manager.py:103]: Starting KomorebiEventListener...
2026-08-31 12:19:46,704 [INFO] [MainThread] [root/bar_manager.py:103]: Starting WindowsNotificationEventListener...
2026-08-31 12:19:46,705 [INFO] [Dummy-8] [root/event_listener.py:54]: Created named pipe yasb-8bdf41e6-a568-11f1-b60f-b306d4664e56
2026-08-31 12:19:46,714 [INFO] [MainThread] [root/watcher.py:65]: Watching directory: c:\users\user\.config\yasb
2026-08-31 12:19:46,714 [INFO] [MainThread] [root/watcher.py:104]: Created file watcher
2026-08-31 12:19:46,736 [INFO] [MainThread] [root/update_service.py:434]: Background update checker started
2026-08-31 12:19:46,771 [INFO] [Dummy-9] [root/windows_notification.py:161]: Notification service started (WNF_SHEL_NOTIFICATION_TOTAL)
2026-08-31 12:19:46,873 [WARNING] [Dummy-8] [root/event_listener.py:136]: Komorebi failed to subscribe named pipe. Error: Una operación socket encontró una red inactiva. (os error 10050) Location: komorebic\src\main.rs:3157:13
2026-08-31 12:23:42,385 [INFO] [MainThread] [root/utils.py:464]: YASB added to startup
2026-08-31 12:26:20,384 [INFO] [Dummy-8] [root/event_listener.py:147]: Komorebi connected to named pipe: yasb-8bdf41e6-a568-11f1-b60f-b306d4664e56
2026-08-31 12:53:10,857 [INFO] [MainThread] [root/bar_manager.py:97]: Screens updated. Re-initialising all bars.
2026-08-31 12:53:10,857 [INFO] [MainThread] [root/controller.py:21]: Reloading Application because of screen update.
2026-08-31 12:53:10,966 [INFO] [MainThread] [cli_server/cli_server.py:114]: Log pipe server stopped
2026-08-31 12:53:11,192 [INFO] [MainThread] [root/bar.py:153]: Screen geometry changed. Updating position for bar primary-bar on screen MSI G271
2026-08-31 12:53:11,412 [INFO] [MainThread] [root/bar_manager.py:111]: Stopping HotkeyListener...
2026-08-31 12:53:11,434 [INFO] [MainThread] [root/bar_manager.py:119]: Stopping KomorebiEventListener...
2026-08-31 12:53:11,450 [INFO] [MainThread] [root/bar_manager.py:119]: Stopping WindowsNotificationEventListener...
2026-08-31 12:53:11,451 [INFO] [Dummy-9] [root/windows_notification.py:97]: Notification service stopped
2026-08-31 12:53:11,771 [INFO] [MainThread] [root/log.py:104]: YASB v2.0.6
2026-08-31 12:53:11,772 [INFO] [CLIPipeServer] [cli_server/cli_server.py:216]: CLI server started v1.1.7
2026-08-31 12:53:11,772 [INFO] [MainThread] [cli_server/cli_server.py:106]: Log pipe server started
2026-08-31 12:53:12,567 [INFO] [MainThread] [root/service.py:52]: AudioOutputService starting...
2026-08-31 12:53:12,914 [INFO] [MainThread] [root/bar_manager.py:238]: Starting HotkeyListener...
2026-08-31 12:53:12,914 [INFO] [MainThread] [root/bar_manager.py:103]: Starting KomorebiEventListener...
2026-08-31 12:53:12,915 [INFO] [MainThread] [root/bar_manager.py:103]: Starting WindowsNotificationEventListener...
2026-08-31 12:53:12,918 [INFO] [MainThread] [root/watcher.py:65]: Watching directory: c:\users\user\.config\yasb
2026-08-31 12:53:12,919 [INFO] [MainThread] [root/watcher.py:104]: Created file watcher
2026-08-31 12:53:12,921 [INFO] [Dummy-10] [root/event_listener.py:54]: Created named pipe yasb-37aaaeac-a56d-11f1-9a6f-b306d4664e56
2026-08-31 12:53:12,995 [INFO] [MainThread] [root/update_service.py:434]: Background update checker started
2026-08-31 12:53:13,009 [INFO] [Dummy-13] [root/windows_notification.py:161]: Notification service started (WNF_SHEL_NOTIFICATION_TOTAL)
2026-08-31 12:53:13,142 [INFO] [Dummy-10] [root/event_listener.py:147]: Komorebi connected to named pipe: yasb-37aaaeac-a56d-11f1-9a6f-b306d4664e56
2026-08-31 12:53:48,579 [INFO] [MainThread] [root/controller.py:43]: Exiting Application...
2026-08-31 12:53:48,683 [INFO] [MainThread] [cli_server/cli_server.py:114]: Log pipe server stopped
2026-08-31 12:53:48,782 [INFO] [MainThread] [root/bar_manager.py:111]: Stopping HotkeyListener...
2026-08-31 12:53:48,783 [INFO] [MainThread] [root/bar_manager.py:119]: Stopping KomorebiEventListener...
2026-08-31 12:53:48,786 [INFO] [MainThread] [root/bar_manager.py:119]: Stopping WindowsNotificationEventListener...
2026-08-31 12:53:48,786 [INFO] [Dummy-13] [root/windows_notification.py:97]: Notification service stopped
2026-08-31 13:15:02,572 [INFO] [MainThread] [root/log.py:104]: YASB v2.0.6
2026-08-31 13:15:02,573 [INFO] [CLIPipeServer] [cli_server/cli_server.py:216]: CLI server started v1.1.7
2026-08-31 13:15:02,573 [INFO] [MainThread] [cli_server/cli_server.py:106]: Log pipe server started
2026-08-31 13:15:04,921 [INFO] [MainThread] [root/service.py:52]: AudioOutputService starting...
2026-08-31 13:15:05,396 [INFO] [MainThread] [root/bar_manager.py:238]: Starting HotkeyListener...
2026-08-31 13:15:05,397 [INFO] [MainThread] [root/bar_manager.py:103]: Starting KomorebiEventListener...
2026-08-31 13:15:05,397 [INFO] [MainThread] [root/bar_manager.py:103]: Starting WindowsNotificationEventListener...
2026-08-31 13:15:05,399 [INFO] [Dummy-8] [root/event_listener.py:54]: Created named pipe yasb-45f7a9e5-a570-11f1-a5b0-5cea1d922ca9
2026-08-31 13:15:05,407 [INFO] [MainThread] [root/watcher.py:65]: Watching directory: c:\users\user\.config\yasb
2026-08-31 13:15:05,408 [INFO] [MainThread] [root/watcher.py:104]: Created file watcher
2026-08-31 13:15:05,444 [INFO] [MainThread] [root/update_service.py:434]: Background update checker started
2026-08-31 13:15:05,513 [INFO] [Dummy-9] [root/windows_notification.py:161]: Notification service started (WNF_SHEL_NOTIFICATION_TOTAL)
2026-08-31 13:15:06,702 [WARNING] [Dummy-8] [root/event_listener.py:134]: Komorebi failed to subscribe named pipe. Komorebi is not running, please start Komorebi.
2026-08-31 13:15:54,072 [INFO] [MainThread] [root/bar.py:153]: Screen geometry changed. Updating position for bar primary-bar on screen \\.\DISPLAY1
2026-08-31 13:20:18,519 [INFO] [MainThread] [root/controller.py:21]: Reloading Application because of config change.
2026-08-31 13:20:18,629 [INFO] [MainThread] [cli_server/cli_server.py:114]: Log pipe server stopped
2026-08-31 13:20:18,643 [INFO] [MainThread] [root/bar_manager.py:93]: Successfully loaded updated config and re-initialised all bars.
2026-08-31 13:20:18,677 [INFO] [MainThread] [root/bar_manager.py:111]: Stopping HotkeyListener...
2026-08-31 13:20:18,679 [INFO] [MainThread] [root/bar_manager.py:119]: Stopping KomorebiEventListener...
2026-08-31 13:20:18,681 [INFO] [MainThread] [root/bar_manager.py:119]: Stopping WindowsNotificationEventListener...
2026-08-31 13:20:18,682 [INFO] [Dummy-9] [root/windows_notification.py:97]: Notification service stopped
2026-08-31 13:20:21,542 [INFO] [MainThread] [root/log.py:104]: YASB v2.0.6
2026-08-31 13:20:21,543 [INFO] [CLIPipeServer] [cli_server/cli_server.py:216]: CLI server started v1.1.7
2026-08-31 13:20:21,544 [INFO] [MainThread] [cli_server/cli_server.py:106]: Log pipe server started
2026-08-31 13:20:23,987 [INFO] [MainThread] [root/service.py:52]: AudioOutputService starting...
2026-08-31 13:20:24,272 [INFO] [MainThread] [root/bar_manager.py:238]: Starting HotkeyListener...
2026-08-31 13:20:24,272 [INFO] [MainThread] [root/bar_manager.py:103]: Starting WindowsNotificationEventListener...
2026-08-31 13:20:24,273 [INFO] [MainThread] [root/bar_manager.py:103]: Starting KomorebiEventListener...
2026-08-31 13:20:24,277 [INFO] [MainThread] [root/watcher.py:65]: Watching directory: c:\users\user\.config\yasb
2026-08-31 13:20:24,278 [INFO] [MainThread] [root/watcher.py:104]: Created file watcher
2026-08-31 13:20:24,278 [INFO] [Dummy-10] [root/event_listener.py:54]: Created named pipe yasb-0408667e-a571-11f1-940f-ae27547f4192
2026-08-31 13:20:24,307 [INFO] [MainThread] [root/update_service.py:434]: Background update checker started
2026-08-31 13:20:24,373 [INFO] [Dummy-11] [root/windows_notification.py:161]: Notification service started (WNF_SHEL_NOTIFICATION_TOTAL)
2026-08-31 13:20:24,544 [WARNING] [Dummy-10] [root/event_listener.py:134]: Komorebi failed to subscribe named pipe. Komorebi is not running, please start Komorebi.
2026-08-31 13:30:35,504 [INFO] [Dummy-10] [root/event_listener.py:147]: Komorebi connected to named pipe: yasb-0408667e-a571-11f1-940f-ae27547f4192
2026-08-31 13:34:50,970 [INFO] [MainThread] [root/controller.py:21]: Reloading Application because of config change.
2026-08-31 13:34:51,071 [INFO] [MainThread] [cli_server/cli_server.py:114]: Log pipe server stopped
2026-08-31 13:34:51,176 [INFO] [MainThread] [root/bar_manager.py:93]: Successfully loaded updated config and re-initialised all bars.
2026-08-31 13:34:51,229 [INFO] [MainThread] [root/bar_manager.py:111]: Stopping HotkeyListener...
2026-08-31 13:34:51,232 [INFO] [MainThread] [root/bar_manager.py:119]: Stopping WindowsNotificationEventListener...
2026-08-31 13:34:51,233 [INFO] [Dummy-11] [root/windows_notification.py:97]: Notification service stopped
2026-08-31 13:34:51,237 [INFO] [MainThread] [root/bar_manager.py:119]: Stopping KomorebiEventListener...
2026-08-31 13:34:54,308 [INFO] [MainThread] [root/log.py:104]: YASB v2.0.6
2026-08-31 13:34:54,309 [INFO] [CLIPipeServer] [cli_server/cli_server.py:216]: CLI server started v1.1.7
2026-08-31 13:34:54,310 [INFO] [MainThread] [cli_server/cli_server.py:106]: Log pipe server started
2026-08-31 13:34:55,765 [WARNING] [MainThread] [root/widget_builder.py:39]: No widget config could be found for widget 'komorebi_workspaces
2026-08-31 13:34:56,686 [INFO] [MainThread] [root/service.py:52]: AudioOutputService starting...
2026-08-31 13:34:56,982 [INFO] [MainThread] [root/bar_manager.py:238]: Starting HotkeyListener...
2026-08-31 13:34:56,983 [INFO] [MainThread] [root/bar_manager.py:103]: Starting WindowsNotificationEventListener...
2026-08-31 13:34:56,983 [ERROR] [MainThread] [root/widget_builder.py:100]: Failed to add undefined widget(s)  - The widget "komorebi_workspaces" is undefined.
2026-08-31 13:34:57,038 [INFO] [MainThread] [root/watcher.py:65]: Watching directory: c:\users\user\.config\yasb
2026-08-31 13:34:57,038 [INFO] [MainThread] [root/watcher.py:104]: Created file watcher
2026-08-31 13:34:57,517 [INFO] [Dummy-8] [root/windows_notification.py:161]: Notification service started (WNF_SHEL_NOTIFICATION_TOTAL)
2026-08-31 13:34:57,519 [INFO] [MainThread] [root/update_service.py:434]: Background update checker started
2026-08-31 13:35:15,042 [INFO] [MainThread] [root/controller.py:21]: Reloading Application because of config change.
2026-08-31 13:35:15,146 [INFO] [MainThread] [cli_server/cli_server.py:114]: Log pipe server stopped
2026-08-31 13:35:15,174 [INFO] [MainThread] [root/bar_manager.py:93]: Successfully loaded updated config and re-initialised all bars.
2026-08-31 13:35:15,233 [INFO] [MainThread] [root/bar_manager.py:111]: Stopping HotkeyListener...
2026-08-31 13:35:15,237 [INFO] [MainThread] [root/bar_manager.py:119]: Stopping WindowsNotificationEventListener...
2026-08-31 13:35:15,238 [INFO] [Dummy-8] [root/windows_notification.py:97]: Notification service stopped
2026-08-31 13:35:16,058 [INFO] [MainThread] [root/log.py:104]: YASB v2.0.6
2026-08-31 13:35:16,058 [INFO] [CLIPipeServer] [cli_server/cli_server.py:216]: CLI server started v1.1.7
2026-08-31 13:35:16,059 [INFO] [MainThread] [cli_server/cli_server.py:106]: Log pipe server started
2026-08-31 13:35:16,894 [INFO] [MainThread] [root/service.py:52]: AudioOutputService starting...
2026-08-31 13:35:17,090 [INFO] [MainThread] [root/bar_manager.py:238]: Starting HotkeyListener...
2026-08-31 13:35:17,090 [INFO] [MainThread] [root/bar_manager.py:103]: Starting WindowsNotificationEventListener...
2026-08-31 13:35:17,093 [INFO] [MainThread] [root/watcher.py:65]: Watching directory: c:\users\user\.config\yasb
2026-08-31 13:35:17,093 [INFO] [MainThread] [root/watcher.py:104]: Created file watcher
2026-08-31 13:35:17,141 [INFO] [MainThread] [root/update_service.py:434]: Background update checker started
2026-08-31 13:35:17,159 [INFO] [Dummy-10] [root/windows_notification.py:161]: Notification service started (WNF_SHEL_NOTIFICATION_TOTAL)
2026-08-31 14:10:20,453 [INFO] [MainThread] [root/service.py:223]: Quick Launch rebuilding app list after install/uninstall detected
2026-08-31 14:11:04,931 [INFO] [MainThread] [root/service.py:223]: Quick Launch rebuilding app list after install/uninstall detected
2026-08-31 14:11:15,072 [INFO] [MainThread] [root/service.py:223]: Quick Launch rebuilding app list after install/uninstall detected
2026-08-31 14:11:30,413 [INFO] [MainThread] [root/service.py:223]: Quick Launch rebuilding app list after install/uninstall detected
2026-08-31 14:12:07,469 [INFO] [MainThread] [root/service.py:223]: Quick Launch rebuilding app list after install/uninstall detected
2026-08-31 14:12:14,059 [INFO] [MainThread] [root/service.py:223]: Quick Launch rebuilding app list after install/uninstall detected
2026-08-31 14:13:04,249 [INFO] [MainThread] [root/service.py:223]: Quick Launch rebuilding app list after install/uninstall detected
2026-08-31 14:18:05,991 [INFO] [MainThread] [root/controller.py:21]: Reloading Application because of config change.
2026-08-31 14:18:06,091 [INFO] [MainThread] [cli_server/cli_server.py:114]: Log pipe server stopped
2026-08-31 14:18:06,128 [INFO] [MainThread] [root/bar_manager.py:93]: Successfully loaded updated config and re-initialised all bars.
2026-08-31 14:18:06,279 [INFO] [MainThread] [root/bar_manager.py:111]: Stopping HotkeyListener...
2026-08-31 14:18:06,282 [INFO] [MainThread] [root/bar_manager.py:119]: Stopping WindowsNotificationEventListener...
2026-08-31 14:18:06,283 [INFO] [Dummy-10] [root/windows_notification.py:97]: Notification service stopped
2026-08-31 14:18:07,398 [INFO] [MainThread] [root/log.py:104]: YASB v2.0.6
2026-08-31 14:18:07,399 [INFO] [CLIPipeServer] [cli_server/cli_server.py:216]: CLI server started v1.1.7
2026-08-31 14:18:07,399 [INFO] [MainThread] [cli_server/cli_server.py:106]: Log pipe server started
2026-08-31 14:18:08,449 [INFO] [MainThread] [root/service.py:52]: AudioOutputService starting...
2026-08-31 14:18:08,760 [INFO] [MainThread] [root/bar_manager.py:238]: Starting HotkeyListener...
2026-08-31 14:18:08,761 [INFO] [MainThread] [root/bar_manager.py:103]: Starting WindowsNotificationEventListener...
2026-08-31 14:18:08,767 [INFO] [MainThread] [root/watcher.py:65]: Watching directory: c:\users\user\.config\yasb
2026-08-31 14:18:08,769 [INFO] [MainThread] [root/watcher.py:104]: Created file watcher
2026-08-31 14:18:08,812 [INFO] [MainThread] [root/update_service.py:434]: Background update checker started
2026-08-31 14:18:08,818 [INFO] [Dummy-10] [root/windows_notification.py:161]: Notification service started (WNF_SHEL_NOTIFICATION_TOTAL)
2026-08-31 14:20:47,615 [INFO] [MainThread] [root/controller.py:21]: Reloading Application because of config change.
2026-08-31 14:20:47,727 [INFO] [MainThread] [cli_server/cli_server.py:114]: Log pipe server stopped
2026-08-31 14:20:47,737 [INFO] [MainThread] [root/bar_manager.py:93]: Successfully loaded updated config and re-initialised all bars.
2026-08-31 14:20:47,775 [INFO] [MainThread] [root/bar_manager.py:111]: Stopping HotkeyListener...
2026-08-31 14:20:47,778 [INFO] [MainThread] [root/bar_manager.py:119]: Stopping WindowsNotificationEventListener...
2026-08-31 14:20:47,778 [INFO] [Dummy-10] [root/windows_notification.py:97]: Notification service stopped
2026-08-31 14:20:48,420 [INFO] [MainThread] [root/log.py:104]: YASB v2.0.6
2026-08-31 14:20:48,421 [INFO] [CLIPipeServer] [cli_server/cli_server.py:216]: CLI server started v1.1.7
2026-08-31 14:20:48,421 [INFO] [MainThread] [cli_server/cli_server.py:106]: Log pipe server started
2026-08-31 14:20:49,170 [INFO] [MainThread] [root/service.py:52]: AudioOutputService starting...
2026-08-31 14:20:49,372 [INFO] [MainThread] [root/bar_manager.py:238]: Starting HotkeyListener...
2026-08-31 14:20:49,372 [INFO] [MainThread] [root/bar_manager.py:103]: Starting WindowsNotificationEventListener...
2026-08-31 14:20:49,381 [INFO] [MainThread] [root/watcher.py:65]: Watching directory: c:\users\user\.config\yasb
2026-08-31 14:20:49,382 [INFO] [MainThread] [root/watcher.py:104]: Created file watcher
2026-08-31 14:20:49,416 [INFO] [MainThread] [root/update_service.py:434]: Background update checker started
2026-08-31 14:20:49,456 [INFO] [Dummy-10] [root/windows_notification.py:161]: Notification service started (WNF_SHEL_NOTIFICATION_TOTAL)
2026-08-31 14:21:03,455 [INFO] [MainThread] [root/controller.py:21]: Reloading Application because of config change.
2026-08-31 14:21:03,559 [INFO] [MainThread] [cli_server/cli_server.py:114]: Log pipe server stopped
2026-08-31 14:21:03,566 [INFO] [MainThread] [root/bar_manager.py:93]: Successfully loaded updated config and re-initialised all bars.
2026-08-31 14:21:03,607 [INFO] [MainThread] [root/bar_manager.py:111]: Stopping HotkeyListener...
2026-08-31 14:21:03,613 [INFO] [MainThread] [root/bar_manager.py:119]: Stopping WindowsNotificationEventListener...
2026-08-31 14:21:03,614 [INFO] [Dummy-10] [root/windows_notification.py:97]: Notification service stopped
2026-08-31 14:21:04,276 [INFO] [MainThread] [root/log.py:104]: YASB v2.0.6
2026-08-31 14:21:04,276 [INFO] [CLIPipeServer] [cli_server/cli_server.py:216]: CLI server started v1.1.7
2026-08-31 14:21:04,277 [INFO] [MainThread] [cli_server/cli_server.py:106]: Log pipe server started
2026-08-31 14:21:05,064 [INFO] [MainThread] [root/service.py:52]: AudioOutputService starting...
2026-08-31 14:21:05,315 [INFO] [MainThread] [root/bar_manager.py:238]: Starting HotkeyListener...
2026-08-31 14:21:05,316 [INFO] [MainThread] [root/bar_manager.py:103]: Starting WindowsNotificationEventListener...
2026-08-31 14:21:05,319 [INFO] [MainThread] [root/watcher.py:65]: Watching directory: c:\users\user\.config\yasb
2026-08-31 14:21:05,320 [INFO] [MainThread] [root/watcher.py:104]: Created file watcher
2026-08-31 14:21:05,351 [INFO] [MainThread] [root/update_service.py:434]: Background update checker started
2026-08-31 14:21:05,362 [INFO] [Dummy-10] [root/windows_notification.py:161]: Notification service started (WNF_SHEL_NOTIFICATION_TOTAL)
2026-08-31 14:21:48,118 [INFO] [MainThread] [root/controller.py:21]: Reloading Application because of config change.
2026-08-31 14:21:48,220 [INFO] [MainThread] [cli_server/cli_server.py:114]: Log pipe server stopped
2026-08-31 14:21:48,230 [INFO] [MainThread] [root/bar_manager.py:93]: Successfully loaded updated config and re-initialised all bars.
2026-08-31 14:21:48,274 [INFO] [MainThread] [root/bar_manager.py:111]: Stopping HotkeyListener...
2026-08-31 14:21:48,281 [INFO] [MainThread] [root/bar_manager.py:119]: Stopping WindowsNotificationEventListener...
2026-08-31 14:21:48,281 [INFO] [Dummy-10] [root/windows_notification.py:97]: Notification service stopped
2026-08-31 14:21:48,924 [INFO] [MainThread] [root/log.py:104]: YASB v2.0.6
2026-08-31 14:21:48,925 [INFO] [CLIPipeServer] [cli_server/cli_server.py:216]: CLI server started v1.1.7
2026-08-31 14:21:48,925 [INFO] [MainThread] [cli_server/cli_server.py:106]: Log pipe server started
2026-08-31 14:21:49,663 [INFO] [MainThread] [root/service.py:52]: AudioOutputService starting...
2026-08-31 14:21:49,833 [INFO] [MainThread] [root/bar_manager.py:238]: Starting HotkeyListener...
2026-08-31 14:21:49,834 [INFO] [MainThread] [root/bar_manager.py:103]: Starting WindowsNotificationEventListener...
2026-08-31 14:21:49,838 [INFO] [MainThread] [root/watcher.py:65]: Watching directory: c:\users\user\.config\yasb
2026-08-31 14:21:49,845 [INFO] [MainThread] [root/watcher.py:104]: Created file watcher
2026-08-31 14:21:49,882 [INFO] [MainThread] [root/update_service.py:434]: Background update checker started
2026-08-31 14:21:49,887 [INFO] [Dummy-10] [root/windows_notification.py:161]: Notification service started (WNF_SHEL_NOTIFICATION_TOTAL)
2026-08-31 14:21:55,248 [INFO] [MainThread] [root/controller.py:21]: Reloading Application because of config change.
2026-08-31 14:21:55,361 [INFO] [MainThread] [cli_server/cli_server.py:114]: Log pipe server stopped
2026-08-31 14:21:55,371 [INFO] [MainThread] [root/bar_manager.py:93]: Successfully loaded updated config and re-initialised all bars.
2026-08-31 14:21:55,410 [INFO] [MainThread] [root/bar_manager.py:111]: Stopping HotkeyListener...
2026-08-31 14:21:55,414 [INFO] [MainThread] [root/bar_manager.py:119]: Stopping WindowsNotificationEventListener...
2026-08-31 14:21:55,414 [INFO] [Dummy-10] [root/windows_notification.py:97]: Notification service stopped
2026-08-31 14:21:56,046 [INFO] [MainThread] [root/log.py:104]: YASB v2.0.6
2026-08-31 14:21:56,047 [INFO] [CLIPipeServer] [cli_server/cli_server.py:216]: CLI server started v1.1.7
2026-08-31 14:21:56,047 [INFO] [MainThread] [cli_server/cli_server.py:106]: Log pipe server started
2026-08-31 14:21:56,777 [INFO] [MainThread] [root/service.py:52]: AudioOutputService starting...
2026-08-31 14:21:56,969 [INFO] [MainThread] [root/bar_manager.py:238]: Starting HotkeyListener...
2026-08-31 14:21:56,970 [INFO] [MainThread] [root/bar_manager.py:103]: Starting WindowsNotificationEventListener...
2026-08-31 14:21:56,972 [INFO] [MainThread] [root/watcher.py:65]: Watching directory: c:\users\user\.config\yasb
2026-08-31 14:21:56,972 [INFO] [MainThread] [root/watcher.py:104]: Created file watcher
2026-08-31 14:21:57,020 [INFO] [MainThread] [root/update_service.py:434]: Background update checker started
2026-08-31 14:21:57,037 [INFO] [Dummy-10] [root/windows_notification.py:161]: Notification service started (WNF_SHEL_NOTIFICATION_TOTAL)
2026-08-31 14:22:35,583 [INFO] [MainThread] [root/controller.py:21]: Reloading Application because of config change.
2026-08-31 14:22:35,686 [INFO] [MainThread] [cli_server/cli_server.py:114]: Log pipe server stopped
2026-08-31 14:22:35,698 [INFO] [MainThread] [root/bar_manager.py:93]: Successfully loaded updated config and re-initialised all bars.
2026-08-31 14:22:35,739 [INFO] [MainThread] [root/bar_manager.py:111]: Stopping HotkeyListener...
2026-08-31 14:22:35,743 [INFO] [MainThread] [root/bar_manager.py:119]: Stopping WindowsNotificationEventListener...
2026-08-31 14:22:35,743 [INFO] [Dummy-10] [root/windows_notification.py:97]: Notification service stopped
2026-08-31 14:22:36,347 [INFO] [MainThread] [root/log.py:104]: YASB v2.0.6
2026-08-31 14:22:36,347 [INFO] [CLIPipeServer] [cli_server/cli_server.py:216]: CLI server started v1.1.7
2026-08-31 14:22:36,348 [INFO] [MainThread] [cli_server/cli_server.py:106]: Log pipe server started
2026-08-31 14:22:37,078 [INFO] [MainThread] [root/service.py:52]: AudioOutputService starting...
2026-08-31 14:22:37,262 [INFO] [MainThread] [root/bar_manager.py:238]: Starting HotkeyListener...
2026-08-31 14:22:37,262 [INFO] [MainThread] [root/bar_manager.py:103]: Starting WindowsNotificationEventListener...
2026-08-31 14:22:37,266 [INFO] [MainThread] [root/watcher.py:65]: Watching directory: c:\users\user\.config\yasb
2026-08-31 14:22:37,276 [INFO] [MainThread] [root/watcher.py:104]: Created file watcher
2026-08-31 14:22:37,327 [INFO] [Dummy-10] [root/windows_notification.py:161]: Notification service started (WNF_SHEL_NOTIFICATION_TOTAL)
2026-08-31 14:22:37,327 [INFO] [MainThread] [root/update_service.py:434]: Background update checker started
2026-08-31 14:22:48,285 [INFO] [MainThread] [root/controller.py:21]: Reloading Application because of config change.
2026-08-31 14:22:48,401 [INFO] [MainThread] [cli_server/cli_server.py:114]: Log pipe server stopped
2026-08-31 14:22:48,411 [INFO] [MainThread] [root/bar_manager.py:93]: Successfully loaded updated config and re-initialised all bars.
2026-08-31 14:22:48,450 [INFO] [MainThread] [root/bar_manager.py:111]: Stopping HotkeyListener...
2026-08-31 14:22:48,455 [INFO] [MainThread] [root/bar_manager.py:119]: Stopping WindowsNotificationEventListener...
2026-08-31 14:22:48,455 [INFO] [Dummy-10] [root/windows_notification.py:97]: Notification service stopped
2026-08-31 14:22:49,088 [INFO] [MainThread] [root/log.py:104]: YASB v2.0.6
2026-08-31 14:22:49,089 [INFO] [CLIPipeServer] [cli_server/cli_server.py:216]: CLI server started v1.1.7
2026-08-31 14:22:49,089 [INFO] [MainThread] [cli_server/cli_server.py:106]: Log pipe server started
2026-08-31 14:22:49,919 [INFO] [MainThread] [root/service.py:52]: AudioOutputService starting...
2026-08-31 14:22:50,142 [INFO] [MainThread] [root/bar_manager.py:238]: Starting HotkeyListener...
2026-08-31 14:22:50,142 [INFO] [MainThread] [root/bar_manager.py:103]: Starting WindowsNotificationEventListener...
2026-08-31 14:22:50,145 [INFO] [MainThread] [root/watcher.py:65]: Watching directory: c:\users\user\.config\yasb
2026-08-31 14:22:50,146 [INFO] [MainThread] [root/watcher.py:104]: Created file watcher
2026-08-31 14:22:50,225 [INFO] [MainThread] [root/update_service.py:434]: Background update checker started
2026-08-31 14:22:50,225 [INFO] [Dummy-10] [root/windows_notification.py:161]: Notification service started (WNF_SHEL_NOTIFICATION_TOTAL)
2026-08-31 14:22:57,444 [INFO] [MainThread] [root/controller.py:21]: Reloading Application because of config change.
2026-08-31 14:22:57,548 [INFO] [MainThread] [cli_server/cli_server.py:114]: Log pipe server stopped
2026-08-31 14:22:57,575 [INFO] [MainThread] [root/bar_manager.py:93]: Successfully loaded updated config and re-initialised all bars.
2026-08-31 14:22:57,621 [INFO] [MainThread] [root/bar_manager.py:111]: Stopping HotkeyListener...
2026-08-31 14:22:57,624 [INFO] [MainThread] [root/bar_manager.py:119]: Stopping WindowsNotificationEventListener...
2026-08-31 14:22:57,625 [INFO] [Dummy-10] [root/windows_notification.py:97]: Notification service stopped
2026-08-31 14:22:58,224 [INFO] [MainThread] [root/log.py:104]: YASB v2.0.6
2026-08-31 14:22:58,224 [INFO] [CLIPipeServer] [cli_server/cli_server.py:216]: CLI server started v1.1.7
2026-08-31 14:22:58,225 [INFO] [MainThread] [cli_server/cli_server.py:106]: Log pipe server started
2026-08-31 14:22:58,959 [INFO] [MainThread] [root/service.py:52]: AudioOutputService starting...
2026-08-31 14:22:59,154 [INFO] [MainThread] [root/bar_manager.py:238]: Starting HotkeyListener...
2026-08-31 14:22:59,154 [INFO] [MainThread] [root/bar_manager.py:103]: Starting WindowsNotificationEventListener...
2026-08-31 14:22:59,157 [INFO] [MainThread] [root/watcher.py:65]: Watching directory: c:\users\user\.config\yasb
2026-08-31 14:22:59,158 [INFO] [MainThread] [root/watcher.py:104]: Created file watcher
2026-08-31 14:22:59,199 [INFO] [MainThread] [root/update_service.py:434]: Background update checker started
2026-08-31 14:22:59,206 [INFO] [Dummy-10] [root/windows_notification.py:161]: Notification service started (WNF_SHEL_NOTIFICATION_TOTAL)
2026-08-31 14:36:18,206 [INFO] [MainThread] [root/controller.py:43]: Exiting Application from tray...
2026-08-31 14:36:18,309 [INFO] [MainThread] [cli_server/cli_server.py:114]: Log pipe server stopped
2026-08-31 14:36:18,355 [INFO] [MainThread] [root/bar_manager.py:111]: Stopping HotkeyListener...
2026-08-31 14:36:18,360 [INFO] [MainThread] [root/bar_manager.py:119]: Stopping WindowsNotificationEventListener...
2026-08-31 14:36:18,361 [INFO] [Dummy-10] [root/windows_notification.py:97]: Notification service stopped
2026-08-31 15:12:01,819 [INFO] [MainThread] [root/log.py:104]: YASB v2.0.6
2026-08-31 15:12:01,821 [INFO] [CLIPipeServer] [cli_server/cli_server.py:216]: CLI server started v1.1.7
2026-08-31 15:12:01,822 [INFO] [MainThread] [cli_server/cli_server.py:106]: Log pipe server started
2026-08-31 15:12:04,598 [INFO] [MainThread] [root/service.py:52]: AudioOutputService starting...
2026-08-31 15:12:05,121 [INFO] [MainThread] [root/bar_manager.py:238]: Starting HotkeyListener...
2026-08-31 15:12:05,122 [INFO] [MainThread] [root/bar_manager.py:103]: Starting WindowsNotificationEventListener...
2026-08-31 15:12:05,129 [INFO] [MainThread] [root/watcher.py:65]: Watching directory: c:\users\user\.config\yasb
2026-08-31 15:12:05,130 [INFO] [MainThread] [root/watcher.py:104]: Created file watcher
2026-08-31 15:12:05,276 [INFO] [MainThread] [root/update_service.py:434]: Background update checker started
2026-08-31 15:12:05,279 [INFO] [Dummy-10] [root/windows_notification.py:161]: Notification service started (WNF_SHEL_NOTIFICATION_TOTAL)
2026-08-31 15:17:35,601 [INFO] [MainThread] [root/service.py:223]: Quick Launch rebuilding app list after install/uninstall detected
2026-08-31 15:18:25,730 [INFO] [MainThread] [root/service.py:223]: Quick Launch rebuilding app list after install/uninstall detected
2026-08-31 15:53:20,547 [INFO] [MainThread] [root/controller.py:43]: Exiting Application...
2026-08-31 15:53:20,658 [INFO] [MainThread] [cli_server/cli_server.py:114]: Log pipe server stopped
2026-08-31 15:53:20,721 [INFO] [MainThread] [root/bar_manager.py:111]: Stopping HotkeyListener...
2026-08-31 15:53:20,723 [INFO] [MainThread] [root/bar_manager.py:119]: Stopping WindowsNotificationEventListener...
2026-08-31 15:53:20,724 [INFO] [Dummy-10] [root/windows_notification.py:97]: Notification service stopped
2026-08-31 15:53:37,038 [INFO] [MainThread] [root/log.py:104]: YASB v2.0.6
2026-08-31 15:53:37,039 [INFO] [CLIPipeServer] [cli_server/cli_server.py:216]: CLI server started v1.1.7
2026-08-31 15:53:37,039 [INFO] [MainThread] [cli_server/cli_server.py:106]: Log pipe server started
2026-08-31 15:53:38,378 [INFO] [MainThread] [root/service.py:52]: AudioOutputService starting...
2026-08-31 15:53:38,975 [INFO] [MainThread] [root/bar_manager.py:238]: Starting HotkeyListener...
2026-08-31 15:53:38,975 [INFO] [MainThread] [root/bar_manager.py:103]: Starting WindowsNotificationEventListener...
2026-08-31 15:53:38,979 [INFO] [MainThread] [root/watcher.py:65]: Watching directory: c:\users\user\.config\yasb
2026-08-31 15:53:38,980 [INFO] [MainThread] [root/watcher.py:104]: Created file watcher
2026-08-31 15:53:39,035 [INFO] [MainThread] [root/update_service.py:434]: Background update checker started
2026-08-31 15:53:39,110 [INFO] [Dummy-10] [root/windows_notification.py:161]: Notification service started (WNF_SHEL_NOTIFICATION_TOTAL)
2026-08-31 16:03:51,942 [INFO] [MainThread] [root/service.py:223]: Quick Launch rebuilding app list after install/uninstall detected
2026-08-31 16:26:35,298 [INFO] [MainThread] [root/service.py:223]: Quick Launch rebuilding app list after install/uninstall detected
2026-08-31 16:26:54,508 [INFO] [MainThread] [root/service.py:223]: Quick Launch rebuilding app list after install/uninstall detected
2026-08-31 16:33:02,112 [INFO] [MainThread] [root/controller.py:21]: Reloading Application because of config change.
2026-08-31 16:33:02,218 [INFO] [MainThread] [cli_server/cli_server.py:114]: Log pipe server stopped
2026-08-31 16:33:02,235 [INFO] [MainThread] [root/bar_manager.py:93]: Successfully loaded updated config and re-initialised all bars.
2026-08-31 16:33:02,278 [INFO] [MainThread] [root/bar_manager.py:111]: Stopping HotkeyListener...
2026-08-31 16:33:02,284 [INFO] [MainThread] [root/bar_manager.py:119]: Stopping WindowsNotificationEventListener...
2026-08-31 16:33:02,285 [INFO] [Dummy-10] [root/windows_notification.py:97]: Notification service stopped
2026-08-31 16:33:03,057 [INFO] [MainThread] [root/log.py:104]: YASB v2.0.6
2026-08-31 16:33:03,057 [INFO] [CLIPipeServer] [cli_server/cli_server.py:216]: CLI server started v1.1.7
2026-08-31 16:33:03,058 [INFO] [MainThread] [cli_server/cli_server.py:106]: Log pipe server started
2026-08-31 16:33:03,119 [ERROR] [MainThread] [root/css_processor.py:43]: CSSProcessor Error 'C:\Users\User\.config\yasb\styles.css': [Errno 2] No such file or directory: 'C:\\Users\\User\\.config\\yasb\\styles.css'
2026-08-31 16:33:03,119 [ERROR] [MainThread] [root/config.py:158]: User stylesheet could not be loaded. Exiting Application.
2026-08-31 16:33:23,028 [INFO] [MainThread] [root/log.py:104]: YASB v2.0.6
2026-08-31 16:33:23,028 [INFO] [CLIPipeServer] [cli_server/cli_server.py:216]: CLI server started v1.1.7
2026-08-31 16:33:23,029 [INFO] [MainThread] [cli_server/cli_server.py:106]: Log pipe server started
2026-08-31 16:33:23,898 [INFO] [MainThread] [root/service.py:52]: AudioOutputService starting...
2026-08-31 16:33:24,272 [INFO] [MainThread] [root/bar_manager.py:238]: Starting HotkeyListener...
2026-08-31 16:33:24,272 [INFO] [MainThread] [root/bar_manager.py:103]: Starting WindowsNotificationEventListener...
2026-08-31 16:33:24,276 [INFO] [MainThread] [root/watcher.py:65]: Watching directory: c:\users\user\.config\yasb
2026-08-31 16:33:24,276 [INFO] [MainThread] [root/watcher.py:104]: Created file watcher
2026-08-31 16:33:24,305 [INFO] [MainThread] [root/update_service.py:434]: Background update checker started
2026-08-31 16:33:24,312 [INFO] [Dummy-10] [root/windows_notification.py:161]: Notification service started (WNF_SHEL_NOTIFICATION_TOTAL)
2026-08-31 16:34:08,610 [WARNING] [MainThread] [root/wallpaper_manager.py:129]: Invalid image path: ~\Pictures\.yasb_wallpaper_cache
2026-08-31 16:34:08,610 [WARNING] [MainThread] [root/wallpaper_manager.py:138]: No wallpapers found in ['~\\Pictures\\.yasb_wallpaper_cache']
2026-08-31 16:34:10,349 [WARNING] [MainThread] [root/wallpaper_manager.py:129]: Invalid image path: ~\Pictures\.yasb_wallpaper_cache
2026-08-31 16:34:10,350 [WARNING] [MainThread] [root/wallpaper_manager.py:138]: No wallpapers found in ['~\\Pictures\\.yasb_wallpaper_cache']
2026-08-31 16:34:10,485 [WARNING] [MainThread] [root/wallpaper_manager.py:129]: Invalid image path: ~\Pictures\.yasb_wallpaper_cache
2026-08-31 16:34:10,485 [WARNING] [MainThread] [root/wallpaper_manager.py:138]: No wallpapers found in ['~\\Pictures\\.yasb_wallpaper_cache']
2026-08-31 16:34:11,903 [WARNING] [MainThread] [root/wallpaper_manager.py:129]: Invalid image path: ~\Pictures\.yasb_wallpaper_cache
2026-08-31 16:34:11,903 [WARNING] [MainThread] [root/wallpaper_manager.py:138]: No wallpapers found in ['~\\Pictures\\.yasb_wallpaper_cache']
2026-08-31 16:40:42,752 [INFO] [MainThread] [root/controller.py:21]: Reloading Application from tray...
2026-08-31 16:40:42,864 [INFO] [MainThread] [cli_server/cli_server.py:114]: Log pipe server stopped
2026-08-31 16:40:42,945 [INFO] [MainThread] [root/bar_manager.py:111]: Stopping HotkeyListener...
2026-08-31 16:40:42,948 [INFO] [MainThread] [root/bar_manager.py:119]: Stopping WindowsNotificationEventListener...
2026-08-31 16:40:42,949 [INFO] [Dummy-10] [root/windows_notification.py:97]: Notification service stopped
2026-08-31 16:40:43,632 [INFO] [MainThread] [root/log.py:104]: YASB v2.0.6
2026-08-31 16:40:43,632 [INFO] [CLIPipeServer] [cli_server/cli_server.py:216]: CLI server started v1.1.7
2026-08-31 16:40:43,633 [INFO] [MainThread] [cli_server/cli_server.py:106]: Log pipe server started
2026-08-31 16:40:44,628 [INFO] [MainThread] [root/service.py:52]: AudioOutputService starting...
2026-08-31 16:40:45,009 [INFO] [MainThread] [root/bar_manager.py:238]: Starting HotkeyListener...
2026-08-31 16:40:45,010 [INFO] [MainThread] [root/bar_manager.py:103]: Starting WindowsNotificationEventListener...
2026-08-31 16:40:45,014 [INFO] [MainThread] [root/watcher.py:65]: Watching directory: c:\users\user\.config\yasb
2026-08-31 16:40:45,014 [INFO] [MainThread] [root/watcher.py:104]: Created file watcher
2026-08-31 16:40:45,037 [INFO] [MainThread] [root/update_service.py:434]: Background update checker started
2026-08-31 16:40:45,049 [INFO] [Dummy-10] [root/windows_notification.py:161]: Notification service started (WNF_SHEL_NOTIFICATION_TOTAL)
2026-08-31 16:42:08,672 [INFO] [MainThread] [root/controller.py:21]: Reloading Application because of config change.
2026-08-31 16:42:08,783 [INFO] [MainThread] [cli_server/cli_server.py:114]: Log pipe server stopped
2026-08-31 16:42:08,796 [INFO] [MainThread] [root/bar_manager.py:93]: Successfully loaded updated config and re-initialised all bars.
2026-08-31 16:42:08,877 [INFO] [MainThread] [root/bar_manager.py:111]: Stopping HotkeyListener...
2026-08-31 16:42:08,884 [INFO] [MainThread] [root/bar_manager.py:119]: Stopping WindowsNotificationEventListener...
2026-08-31 16:42:08,887 [INFO] [Dummy-10] [root/windows_notification.py:97]: Notification service stopped
2026-08-31 16:42:09,795 [INFO] [MainThread] [root/log.py:104]: YASB v2.0.6
2026-08-31 16:42:09,796 [INFO] [CLIPipeServer] [cli_server/cli_server.py:216]: CLI server started v1.1.7
2026-08-31 16:42:09,796 [INFO] [MainThread] [cli_server/cli_server.py:106]: Log pipe server started
2026-08-31 16:42:10,703 [INFO] [MainThread] [root/service.py:52]: AudioOutputService starting...
2026-08-31 16:42:11,073 [INFO] [MainThread] [root/bar_manager.py:238]: Starting HotkeyListener...
2026-08-31 16:42:11,073 [INFO] [MainThread] [root/bar_manager.py:103]: Starting WindowsNotificationEventListener...
2026-08-31 16:42:11,078 [INFO] [MainThread] [root/watcher.py:65]: Watching directory: c:\users\user\.config\yasb
2026-08-31 16:42:11,078 [INFO] [MainThread] [root/watcher.py:104]: Created file watcher
2026-08-31 16:42:11,107 [INFO] [MainThread] [root/update_service.py:434]: Background update checker started
2026-08-31 16:42:11,117 [INFO] [Dummy-10] [root/windows_notification.py:161]: Notification service started (WNF_SHEL_NOTIFICATION_TOTAL)
2026-08-31 16:44:47,458 [INFO] [MainThread] [root/controller.py:21]: Reloading Application because of config change.
2026-08-31 16:44:47,560 [INFO] [MainThread] [cli_server/cli_server.py:114]: Log pipe server stopped
2026-08-31 16:44:47,574 [INFO] [MainThread] [root/bar_manager.py:93]: Successfully loaded updated config and re-initialised all bars.
2026-08-31 16:44:47,655 [INFO] [MainThread] [root/bar_manager.py:111]: Stopping HotkeyListener...
2026-08-31 16:44:47,665 [INFO] [MainThread] [root/bar_manager.py:119]: Stopping WindowsNotificationEventListener...
2026-08-31 16:44:47,719 [INFO] [Dummy-10] [root/windows_notification.py:97]: Notification service stopped
2026-08-31 16:44:48,544 [INFO] [MainThread] [root/log.py:104]: YASB v2.0.6
2026-08-31 16:44:48,545 [INFO] [CLIPipeServer] [cli_server/cli_server.py:216]: CLI server started v1.1.7
2026-08-31 16:44:48,545 [INFO] [MainThread] [cli_server/cli_server.py:106]: Log pipe server started
2026-08-31 16:44:49,593 [INFO] [MainThread] [root/service.py:52]: AudioOutputService starting...
2026-08-31 16:44:49,977 [INFO] [MainThread] [root/bar_manager.py:238]: Starting HotkeyListener...
2026-08-31 16:44:49,977 [INFO] [MainThread] [root/bar_manager.py:103]: Starting WindowsNotificationEventListener...
2026-08-31 16:44:49,981 [INFO] [MainThread] [root/watcher.py:65]: Watching directory: c:\users\user\.config\yasb
2026-08-31 16:44:49,981 [INFO] [MainThread] [root/watcher.py:104]: Created file watcher
2026-08-31 16:44:50,016 [INFO] [MainThread] [root/update_service.py:434]: Background update checker started
2026-08-31 16:44:50,026 [INFO] [Dummy-10] [root/windows_notification.py:161]: Notification service started (WNF_SHEL_NOTIFICATION_TOTAL)
